Archive member included because of file (symbol)

/usr/lib/gcc/avr/4.5.3/avr5/libgcc.a(_exit.o)
                              /usr/lib/gcc/avr/4.5.3/../../../avr/lib/avr5/crtm328p.o (exit)
/usr/lib/gcc/avr/4.5.3/avr5/libgcc.a(_copy_data.o)
                              ./Uart.o (__do_copy_data)
/usr/lib/gcc/avr/4.5.3/avr5/libgcc.a(_clear_bss.o)
                              ./Uart.o (__do_clear_bss)
/usr/lib/gcc/avr/4.5.3/avr5/libgcc.a(_ctors.o)
                              ./Uart.o (__do_global_ctors)
/usr/lib/gcc/avr/4.5.3/avr5/libgcc.a(_dtors.o)
                              ./Uart.o (__do_global_dtors)
/usr/lib/gcc/avr/4.5.3/avr5/libgcc.a(_fixunssfsi.o)
                              ./main.o (__fixunssfsi)
/usr/lib/gcc/avr/4.5.3/avr5/libgcc.a(_addsub_sf.o)
                              /usr/lib/gcc/avr/4.5.3/avr5/libgcc.a(_fixunssfsi.o) (__subsf3)
/usr/lib/gcc/avr/4.5.3/avr5/libgcc.a(_mul_sf.o)
                              ./main.o (__mulsf3)
/usr/lib/gcc/avr/4.5.3/avr5/libgcc.a(_gt_sf.o)
                              ./main.o (__gtsf2)
/usr/lib/gcc/avr/4.5.3/avr5/libgcc.a(_ge_sf.o)
                              /usr/lib/gcc/avr/4.5.3/avr5/libgcc.a(_fixunssfsi.o) (__gesf2)
/usr/lib/gcc/avr/4.5.3/avr5/libgcc.a(_lt_sf.o)
                              ./main.o (__ltsf2)
/usr/lib/gcc/avr/4.5.3/avr5/libgcc.a(_sf_to_si.o)
                              /usr/lib/gcc/avr/4.5.3/avr5/libgcc.a(_fixunssfsi.o) (__fixsfsi)
/usr/lib/gcc/avr/4.5.3/avr5/libgcc.a(_thenan_sf.o)
                              /usr/lib/gcc/avr/4.5.3/avr5/libgcc.a(_addsub_sf.o) (__thenan_sf)
/usr/lib/gcc/avr/4.5.3/avr5/libgcc.a(_prologue.o)
                              /usr/lib/gcc/avr/4.5.3/avr5/libgcc.a(_addsub_sf.o) (__prologue_saves__)
/usr/lib/gcc/avr/4.5.3/avr5/libgcc.a(_epilogue.o)
                              /usr/lib/gcc/avr/4.5.3/avr5/libgcc.a(_addsub_sf.o) (__epilogue_restores__)
/usr/lib/gcc/avr/4.5.3/avr5/libgcc.a(_tablejump.o)
                              /usr/lib/gcc/avr/4.5.3/avr5/libgcc.a(_ctors.o) (__tablejump__)
/usr/lib/gcc/avr/4.5.3/avr5/libgcc.a(_pack_sf.o)
                              /usr/lib/gcc/avr/4.5.3/avr5/libgcc.a(_addsub_sf.o) (__pack_f)
/usr/lib/gcc/avr/4.5.3/avr5/libgcc.a(_unpack_sf.o)
                              /usr/lib/gcc/avr/4.5.3/avr5/libgcc.a(_addsub_sf.o) (__unpack_f)
/usr/lib/gcc/avr/4.5.3/avr5/libgcc.a(_fpcmp_parts_sf.o)
                              /usr/lib/gcc/avr/4.5.3/avr5/libgcc.a(_gt_sf.o) (__fpcmp_parts_f)
/usr/lib/gcc/avr/4.5.3/../../../avr/lib/avr5/libc.a(malloc.o)
                              ./main.o (free)

Allocating common symbols
Common symbol       size              file

__brkval            0x2               /usr/lib/gcc/avr/4.5.3/../../../avr/lib/avr5/libc.a(malloc.o)
__flp               0x2               /usr/lib/gcc/avr/4.5.3/../../../avr/lib/avr5/libc.a(malloc.o)

Discarded input sections

 .data          0x0000000000000000        0x0 /usr/lib/gcc/avr/4.5.3/../../../avr/lib/avr5/crtm328p.o
 .bss           0x0000000000000000        0x0 /usr/lib/gcc/avr/4.5.3/../../../avr/lib/avr5/crtm328p.o
 .text          0x0000000000000000        0x0 ./Uart.o
 .data          0x0000000000000000        0x0 ./Uart.o
 .bss           0x0000000000000000        0x0 ./Uart.o
 .text._ZN4Uart12interruptoffEv
                0x0000000000000000       0x10 ./Uart.o
 .text          0x0000000000000000        0x0 ./main.o
 .data          0x0000000000000000        0x0 ./main.o
 .bss           0x0000000000000000        0x0 ./main.o
 .text          0x0000000000000000        0x0 /usr/lib/gcc/avr/4.5.3/avr5/libgcc.a(_exit.o)
 .data          0x0000000000000000        0x0 /usr/lib/gcc/avr/4.5.3/avr5/libgcc.a(_exit.o)
 .bss           0x0000000000000000        0x0 /usr/lib/gcc/avr/4.5.3/avr5/libgcc.a(_exit.o)
 .text.libgcc   0x0000000000000000        0x0 /usr/lib/gcc/avr/4.5.3/avr5/libgcc.a(_exit.o)
 .text          0x0000000000000000        0x0 /usr/lib/gcc/avr/4.5.3/avr5/libgcc.a(_copy_data.o)
 .data          0x0000000000000000        0x0 /usr/lib/gcc/avr/4.5.3/avr5/libgcc.a(_copy_data.o)
 .bss           0x0000000000000000        0x0 /usr/lib/gcc/avr/4.5.3/avr5/libgcc.a(_copy_data.o)
 .text.libgcc   0x0000000000000000        0x0 /usr/lib/gcc/avr/4.5.3/avr5/libgcc.a(_copy_data.o)
 .text          0x0000000000000000        0x0 /usr/lib/gcc/avr/4.5.3/avr5/libgcc.a(_clear_bss.o)
 .data          0x0000000000000000        0x0 /usr/lib/gcc/avr/4.5.3/avr5/libgcc.a(_clear_bss.o)
 .bss           0x0000000000000000        0x0 /usr/lib/gcc/avr/4.5.3/avr5/libgcc.a(_clear_bss.o)
 .text.libgcc   0x0000000000000000        0x0 /usr/lib/gcc/avr/4.5.3/avr5/libgcc.a(_clear_bss.o)
 .text          0x0000000000000000        0x0 /usr/lib/gcc/avr/4.5.3/avr5/libgcc.a(_ctors.o)
 .data          0x0000000000000000        0x0 /usr/lib/gcc/avr/4.5.3/avr5/libgcc.a(_ctors.o)
 .bss           0x0000000000000000        0x0 /usr/lib/gcc/avr/4.5.3/avr5/libgcc.a(_ctors.o)
 .text.libgcc   0x0000000000000000        0x0 /usr/lib/gcc/avr/4.5.3/avr5/libgcc.a(_ctors.o)
 .text          0x0000000000000000        0x0 /usr/lib/gcc/avr/4.5.3/avr5/libgcc.a(_dtors.o)
 .data          0x0000000000000000        0x0 /usr/lib/gcc/avr/4.5.3/avr5/libgcc.a(_dtors.o)
 .bss           0x0000000000000000        0x0 /usr/lib/gcc/avr/4.5.3/avr5/libgcc.a(_dtors.o)
 .text.libgcc   0x0000000000000000        0x0 /usr/lib/gcc/avr/4.5.3/avr5/libgcc.a(_dtors.o)
 .data          0x0000000000000000        0x0 /usr/lib/gcc/avr/4.5.3/avr5/libgcc.a(_fixunssfsi.o)
 .bss           0x0000000000000000        0x0 /usr/lib/gcc/avr/4.5.3/avr5/libgcc.a(_fixunssfsi.o)
 .data          0x0000000000000000        0x0 /usr/lib/gcc/avr/4.5.3/avr5/libgcc.a(_addsub_sf.o)
 .bss           0x0000000000000000        0x0 /usr/lib/gcc/avr/4.5.3/avr5/libgcc.a(_addsub_sf.o)
 .data          0x0000000000000000        0x0 /usr/lib/gcc/avr/4.5.3/avr5/libgcc.a(_mul_sf.o)
 .bss           0x0000000000000000        0x0 /usr/lib/gcc/avr/4.5.3/avr5/libgcc.a(_mul_sf.o)
 .data          0x0000000000000000        0x0 /usr/lib/gcc/avr/4.5.3/avr5/libgcc.a(_gt_sf.o)
 .bss           0x0000000000000000        0x0 /usr/lib/gcc/avr/4.5.3/avr5/libgcc.a(_gt_sf.o)
 .data          0x0000000000000000        0x0 /usr/lib/gcc/avr/4.5.3/avr5/libgcc.a(_ge_sf.o)
 .bss           0x0000000000000000        0x0 /usr/lib/gcc/avr/4.5.3/avr5/libgcc.a(_ge_sf.o)
 .data          0x0000000000000000        0x0 /usr/lib/gcc/avr/4.5.3/avr5/libgcc.a(_lt_sf.o)
 .bss           0x0000000000000000        0x0 /usr/lib/gcc/avr/4.5.3/avr5/libgcc.a(_lt_sf.o)
 .data          0x0000000000000000        0x0 /usr/lib/gcc/avr/4.5.3/avr5/libgcc.a(_sf_to_si.o)
 .bss           0x0000000000000000        0x0 /usr/lib/gcc/avr/4.5.3/avr5/libgcc.a(_sf_to_si.o)
 .text          0x0000000000000000        0x0 /usr/lib/gcc/avr/4.5.3/avr5/libgcc.a(_thenan_sf.o)
 .bss           0x0000000000000000        0x0 /usr/lib/gcc/avr/4.5.3/avr5/libgcc.a(_thenan_sf.o)
 .text          0x0000000000000000        0x0 /usr/lib/gcc/avr/4.5.3/avr5/libgcc.a(_prologue.o)
 .data          0x0000000000000000        0x0 /usr/lib/gcc/avr/4.5.3/avr5/libgcc.a(_prologue.o)
 .bss           0x0000000000000000        0x0 /usr/lib/gcc/avr/4.5.3/avr5/libgcc.a(_prologue.o)
 .text          0x0000000000000000        0x0 /usr/lib/gcc/avr/4.5.3/avr5/libgcc.a(_epilogue.o)
 .data          0x0000000000000000        0x0 /usr/lib/gcc/avr/4.5.3/avr5/libgcc.a(_epilogue.o)
 .bss           0x0000000000000000        0x0 /usr/lib/gcc/avr/4.5.3/avr5/libgcc.a(_epilogue.o)
 .text          0x0000000000000000        0x0 /usr/lib/gcc/avr/4.5.3/avr5/libgcc.a(_tablejump.o)
 .data          0x0000000000000000        0x0 /usr/lib/gcc/avr/4.5.3/avr5/libgcc.a(_tablejump.o)
 .bss           0x0000000000000000        0x0 /usr/lib/gcc/avr/4.5.3/avr5/libgcc.a(_tablejump.o)
 .data          0x0000000000000000        0x0 /usr/lib/gcc/avr/4.5.3/avr5/libgcc.a(_pack_sf.o)
 .bss           0x0000000000000000        0x0 /usr/lib/gcc/avr/4.5.3/avr5/libgcc.a(_pack_sf.o)
 .data          0x0000000000000000        0x0 /usr/lib/gcc/avr/4.5.3/avr5/libgcc.a(_unpack_sf.o)
 .bss           0x0000000000000000        0x0 /usr/lib/gcc/avr/4.5.3/avr5/libgcc.a(_unpack_sf.o)
 .data          0x0000000000000000        0x0 /usr/lib/gcc/avr/4.5.3/avr5/libgcc.a(_fpcmp_parts_sf.o)
 .bss           0x0000000000000000        0x0 /usr/lib/gcc/avr/4.5.3/avr5/libgcc.a(_fpcmp_parts_sf.o)
 .text          0x0000000000000000        0x0 /usr/lib/gcc/avr/4.5.3/../../../avr/lib/avr5/libc.a(malloc.o)
 .bss           0x0000000000000000        0x0 /usr/lib/gcc/avr/4.5.3/../../../avr/lib/avr5/libc.a(malloc.o)

Memory Configuration

Name             Origin             Length             Attributes
text             0x0000000000000000 0x0000000000020000 xr
data             0x0000000000800060 0x000000000000ffa0 rw !x
eeprom           0x0000000000810000 0x0000000000010000 rw !x
fuse             0x0000000000820000 0x0000000000000400 rw !x
lock             0x0000000000830000 0x0000000000000400 rw !x
signature        0x0000000000840000 0x0000000000000400 rw !x
*default*        0x0000000000000000 0xffffffffffffffff

Linker script and memory map

Address of section .data set to 0x800100
LOAD /usr/lib/gcc/avr/4.5.3/../../../avr/lib/avr5/crtm328p.o
LOAD ./Uart.o
LOAD ./main.o
LOAD /usr/lib/gcc/avr/4.5.3/avr5/libgcc.a
LOAD /usr/lib/gcc/avr/4.5.3/../../../avr/lib/avr5/libm.a
LOAD /usr/lib/gcc/avr/4.5.3/avr5/libgcc.a
LOAD /usr/lib/gcc/avr/4.5.3/../../../avr/lib/avr5/libc.a
LOAD /usr/lib/gcc/avr/4.5.3/avr5/libgcc.a

.hash
 *(.hash)

.dynsym
 *(.dynsym)

.dynstr
 *(.dynstr)

.gnu.version
 *(.gnu.version)

.gnu.version_d
 *(.gnu.version_d)

.gnu.version_r
 *(.gnu.version_r)

.rel.init
 *(.rel.init)

.rela.init
 *(.rela.init)

.rel.text
 *(.rel.text)
 *(.rel.text.*)
 *(.rel.gnu.linkonce.t*)

.rela.text
 *(.rela.text)
 *(.rela.text.*)
 *(.rela.gnu.linkonce.t*)

.rel.fini
 *(.rel.fini)

.rela.fini
 *(.rela.fini)

.rel.rodata
 *(.rel.rodata)
 *(.rel.rodata.*)
 *(.rel.gnu.linkonce.r*)

.rela.rodata
 *(.rela.rodata)
 *(.rela.rodata.*)
 *(.rela.gnu.linkonce.r*)

.rel.data
 *(.rel.data)
 *(.rel.data.*)
 *(.rel.gnu.linkonce.d*)

.rela.data
 *(.rela.data)
 *(.rela.data.*)
 *(.rela.gnu.linkonce.d*)

.rel.ctors
 *(.rel.ctors)

.rela.ctors
 *(.rela.ctors)

.rel.dtors
 *(.rel.dtors)

.rela.dtors
 *(.rela.dtors)

.rel.got
 *(.rel.got)

.rela.got
 *(.rela.got)

.rel.bss
 *(.rel.bss)

.rela.bss
 *(.rela.bss)

.rel.plt
 *(.rel.plt)

.rela.plt
 *(.rela.plt)

.text           0x0000000000000000     0x1354
 *(.vectors)
 .vectors       0x0000000000000000       0x68 /usr/lib/gcc/avr/4.5.3/../../../avr/lib/avr5/crtm328p.o
                0x0000000000000000                __vectors
                0x0000000000000000                __vector_default
 *(.vectors)
 *(.progmem.gcc*)
 *(.progmem*)
                0x0000000000000068                . = ALIGN (0x2)
                0x0000000000000068                __trampolines_start = .
 *(.trampolines)
 .trampolines   0x0000000000000068        0x0 linker stubs
 *(.trampolines*)
                0x0000000000000068                __trampolines_end = .
 *(.jumptables)
 *(.jumptables*)
 *(.lowtext)
 *(.lowtext*)
                0x0000000000000068                __ctors_start = .
 *(.ctors)
 .ctors         0x0000000000000068        0x2 ./Uart.o
                0x000000000000006a                __ctors_end = .
                0x000000000000006a                __dtors_start = .
 *(.dtors)
 .dtors         0x000000000000006a        0x2 ./Uart.o
                0x000000000000006c                __dtors_end = .
 SORT(*)(.ctors)
 SORT(*)(.dtors)
 *(.init0)
 .init0         0x000000000000006c        0x0 /usr/lib/gcc/avr/4.5.3/../../../avr/lib/avr5/crtm328p.o
                0x000000000000006c                __init
 *(.init0)
 *(.init1)
 *(.init1)
 *(.init2)
 .init2         0x000000000000006c        0xc /usr/lib/gcc/avr/4.5.3/../../../avr/lib/avr5/crtm328p.o
 *(.init2)
 *(.init3)
 *(.init3)
 *(.init4)
 .init4         0x0000000000000078       0x16 /usr/lib/gcc/avr/4.5.3/avr5/libgcc.a(_copy_data.o)
                0x0000000000000078                __do_copy_data
 .init4         0x000000000000008e       0x10 /usr/lib/gcc/avr/4.5.3/avr5/libgcc.a(_clear_bss.o)
                0x000000000000008e                __do_clear_bss
 *(.init4)
 *(.init5)
 *(.init5)
 *(.init6)
 .init6         0x000000000000009e       0x16 /usr/lib/gcc/avr/4.5.3/avr5/libgcc.a(_ctors.o)
                0x000000000000009e                __do_global_ctors
 *(.init6)
 *(.init7)
 *(.init7)
 *(.init8)
 *(.init8)
 *(.init9)
 .init9         0x00000000000000b4        0x6 /usr/lib/gcc/avr/4.5.3/../../../avr/lib/avr5/crtm328p.o
 *(.init9)
 *(.text)
 .text          0x00000000000000ba        0x2 /usr/lib/gcc/avr/4.5.3/../../../avr/lib/avr5/crtm328p.o
                0x00000000000000ba                __vector_22
                0x00000000000000ba                __vector_1
                0x00000000000000ba                __vector_24
                0x00000000000000ba                __vector_12
                0x00000000000000ba                __bad_interrupt
                0x00000000000000ba                __vector_6
                0x00000000000000ba                __vector_3
                0x00000000000000ba                __vector_23
                0x00000000000000ba                __vector_25
                0x00000000000000ba                __vector_11
                0x00000000000000ba                __vector_13
                0x00000000000000ba                __vector_17
                0x00000000000000ba                __vector_7
                0x00000000000000ba                __vector_5
                0x00000000000000ba                __vector_4
                0x00000000000000ba                __vector_9
                0x00000000000000ba                __vector_2
                0x00000000000000ba                __vector_21
                0x00000000000000ba                __vector_15
                0x00000000000000ba                __vector_8
                0x00000000000000ba                __vector_14
                0x00000000000000ba                __vector_10
                0x00000000000000ba                __vector_16
                0x00000000000000ba                __vector_20
 .text          0x00000000000000bc       0x50 /usr/lib/gcc/avr/4.5.3/avr5/libgcc.a(_fixunssfsi.o)
                0x00000000000000bc                __fixunssfsi
 .text          0x000000000000010c      0x334 /usr/lib/gcc/avr/4.5.3/avr5/libgcc.a(_addsub_sf.o)
                0x000000000000039c                __addsf3
                0x00000000000003ea                __subsf3
 .text          0x0000000000000440      0x1ea /usr/lib/gcc/avr/4.5.3/avr5/libgcc.a(_mul_sf.o)
                0x0000000000000440                __mulsf3
 .text          0x000000000000062a       0x56 /usr/lib/gcc/avr/4.5.3/avr5/libgcc.a(_gt_sf.o)
                0x000000000000062a                __gtsf2
 .text          0x0000000000000680       0x56 /usr/lib/gcc/avr/4.5.3/avr5/libgcc.a(_ge_sf.o)
                0x0000000000000680                __gesf2
 .text          0x00000000000006d6       0x56 /usr/lib/gcc/avr/4.5.3/avr5/libgcc.a(_lt_sf.o)
                0x00000000000006d6                __ltsf2
 .text          0x000000000000072c       0x9e /usr/lib/gcc/avr/4.5.3/avr5/libgcc.a(_sf_to_si.o)
                0x000000000000072c                __fixsfsi
 .text          0x00000000000007ca      0x19a /usr/lib/gcc/avr/4.5.3/avr5/libgcc.a(_pack_sf.o)
                0x00000000000007ca                __pack_f
 .text          0x0000000000000964       0xd2 /usr/lib/gcc/avr/4.5.3/avr5/libgcc.a(_unpack_sf.o)
                0x0000000000000964                __unpack_f
 .text          0x0000000000000a36       0xb2 /usr/lib/gcc/avr/4.5.3/avr5/libgcc.a(_fpcmp_parts_sf.o)
                0x0000000000000a36                __fpcmp_parts_f
                0x0000000000000ae8                . = ALIGN (0x2)
 *(.text.*)
 .text._ZN4UartC2Ev
                0x0000000000000ae8       0x4c ./Uart.o
                0x0000000000000ae8                _ZN4UartC2Ev
                0x0000000000000ae8                _ZN4UartC1Ev
 .text._ZN4Uart3putEh
                0x0000000000000b34       0x38 ./Uart.o
                0x0000000000000b34                _ZN4Uart3putEh
 .text._ZN4Uart3getEv
                0x0000000000000b6c       0x1e ./Uart.o
                0x0000000000000b6c                _ZN4Uart3getEv
 .text._ZN4Uart8has_dataEv
                0x0000000000000b8a       0x1e ./Uart.o
                0x0000000000000b8a                _ZN4Uart8has_dataEv
 .text._ZN4Uart20rx_interrupt_handlerEv
                0x0000000000000ba8       0x1e ./Uart.o
                0x0000000000000ba8                _ZN4Uart20rx_interrupt_handlerEv
 .text._ZN4Uart23empty_interrupt_handlerEv
                0x0000000000000bc6       0x42 ./Uart.o
                0x0000000000000bc6                _ZN4Uart23empty_interrupt_handlerEv
 .text.__vector_18
                0x0000000000000c08       0x52 ./Uart.o
                0x0000000000000c08                __vector_18
 .text.__vector_19
                0x0000000000000c5a       0x52 ./Uart.o
                0x0000000000000c5a                __vector_19
 .text._ZN4Uart11interruptonEv
                0x0000000000000cac       0x10 ./Uart.o
                0x0000000000000cac                _ZN4Uart11interruptonEv
 .text._ZN15Circular_BufferILi25EEC1Ev
                0x0000000000000cbc       0x3a ./Uart.o
                0x0000000000000cbc                _ZN15Circular_BufferILi25EEC1Ev
 .text._ZN15Circular_BufferILi25EED1Ev
                0x0000000000000cf6       0x38 ./Uart.o
                0x0000000000000cf6                _ZN15Circular_BufferILi25EED1Ev
 .text._ZN15Circular_BufferILi25EED0Ev
                0x0000000000000d2e       0x24 ./Uart.o
                0x0000000000000d2e                _ZN15Circular_BufferILi25EED0Ev
 .text._ZN15Circular_BufferILi25EE4pushEh
                0x0000000000000d52       0x64 ./Uart.o
                0x0000000000000d52                _ZN15Circular_BufferILi25EE4pushEh
 .text._ZN15Circular_BufferILi25EE3popEv
                0x0000000000000db6       0x64 ./Uart.o
                0x0000000000000db6                _ZN15Circular_BufferILi25EE3popEv
 .text._ZN15Circular_BufferILi25EE8has_dataEv
                0x0000000000000e1a       0x38 ./Uart.o
                0x0000000000000e1a                _ZN15Circular_BufferILi25EE8has_dataEv
 .text._ZN4UartD1Ev
                0x0000000000000e52       0x26 ./Uart.o
                0x0000000000000e52                _ZN4UartD1Ev
 .text._Z41__static_initialization_and_destruction_0ii
                0x0000000000000e78       0x58 ./Uart.o
 .text._GLOBAL__I__ZN4Uart4uartE
                0x0000000000000ed0       0x18 ./Uart.o
 .text._GLOBAL__D__ZN4Uart4uartE
                0x0000000000000ee8       0x18 ./Uart.o
 .text._ZdlPv   0x0000000000000f00       0x1e ./main.o
                0x0000000000000f00                _ZdlPv
 .text.main     0x0000000000000f1e      0x13e ./main.o
                0x0000000000000f1e                main
 .text.libgcc   0x000000000000105c       0x38 /usr/lib/gcc/avr/4.5.3/avr5/libgcc.a(_prologue.o)
                0x000000000000105c                __prologue_saves__
 .text.libgcc   0x0000000000001094       0x36 /usr/lib/gcc/avr/4.5.3/avr5/libgcc.a(_epilogue.o)
                0x0000000000001094                __epilogue_restores__
 .text.libgcc   0x00000000000010ca        0xc /usr/lib/gcc/avr/4.5.3/avr5/libgcc.a(_tablejump.o)
                0x00000000000010ca                __tablejump2__
                0x00000000000010ce                __tablejump__
 .text.avr-libc
                0x00000000000010d6      0x266 /usr/lib/gcc/avr/4.5.3/../../../avr/lib/avr5/libc.a(malloc.o)
                0x00000000000010d6                malloc
                0x000000000000120a                free
                0x000000000000133c                . = ALIGN (0x2)
 *(.fini9)
 .fini9         0x000000000000133c        0x0 /usr/lib/gcc/avr/4.5.3/avr5/libgcc.a(_exit.o)
                0x000000000000133c                exit
                0x000000000000133c                _exit
 *(.fini9)
 *(.fini8)
 *(.fini8)
 *(.fini7)
 *(.fini7)
 *(.fini6)
 .fini6         0x000000000000133c       0x14 /usr/lib/gcc/avr/4.5.3/avr5/libgcc.a(_dtors.o)
                0x000000000000133c                __do_global_dtors
 *(.fini6)
 *(.fini5)
 *(.fini5)
 *(.fini4)
 *(.fini4)
 *(.fini3)
 *(.fini3)
 *(.fini2)
 *(.fini2)
 *(.fini1)
 *(.fini1)
 *(.fini0)
 .fini0         0x0000000000001350        0x4 /usr/lib/gcc/avr/4.5.3/avr5/libgcc.a(_exit.o)
 *(.fini0)
                0x0000000000001354                _etext = .

.data           0x0000000000800100       0x16 load address 0x0000000000001354
                0x0000000000800100                PROVIDE (__data_start, .)
 *(.data)
 .data          0x0000000000800100        0x8 /usr/lib/gcc/avr/4.5.3/avr5/libgcc.a(_thenan_sf.o)
                0x0000000000800100                __thenan_sf
 .data          0x0000000000800108        0x6 /usr/lib/gcc/avr/4.5.3/../../../avr/lib/avr5/libc.a(malloc.o)
                0x0000000000800108                __malloc_margin
                0x000000000080010a                __malloc_heap_start
                0x000000000080010c                __malloc_heap_end
 *(.data*)
 *(.rodata)
 *(.rodata*)
 .rodata._ZTV15Circular_BufferILi25EE
                0x000000000080010e        0x8 ./Uart.o
                0x000000000080010e                _ZTV15Circular_BufferILi25EE
 *(.gnu.linkonce.d*)
                0x0000000000800116                . = ALIGN (0x2)
                0x0000000000800116                _edata = .
                0x0000000000800116                PROVIDE (__data_end, .)

.bss            0x0000000000800116       0x42
                0x0000000000800116                PROVIDE (__bss_start, .)
 *(.bss)
 *(.bss*)
 .bss._ZN4Uart4uartE
                0x0000000000800116       0x3e ./Uart.o
                0x0000000000800116                _ZN4Uart4uartE
 *(COMMON)
 COMMON         0x0000000000800154        0x4 /usr/lib/gcc/avr/4.5.3/../../../avr/lib/avr5/libc.a(malloc.o)
                0x0000000000800154                __brkval
                0x0000000000800156                __flp
                0x0000000000800158                PROVIDE (__bss_end, .)
                0x0000000000001354                __data_load_start = LOADADDR (.data)
                0x000000000000136a                __data_load_end = (__data_load_start + SIZEOF (.data))

.noinit         0x0000000000800158        0x0
                0x0000000000800158                PROVIDE (__noinit_start, .)
 *(.noinit*)
                0x0000000000800158                PROVIDE (__noinit_end, .)
                0x0000000000800158                _end = .
                0x0000000000800158                PROVIDE (__heap_start, .)

.eeprom         0x0000000000810000        0x0
 *(.eeprom*)
                0x0000000000810000                __eeprom_end = .

.fuse
 *(.fuse)
 *(.lfuse)
 *(.hfuse)
 *(.efuse)

.lock
 *(.lock*)

.signature
 *(.signature*)

.stab           0x0000000000000000     0x1b84
 *(.stab)
 .stab          0x0000000000000000      0x6cc /usr/lib/gcc/avr/4.5.3/../../../avr/lib/avr5/crtm328p.o
 .stab          0x00000000000006cc      0x840 ./Uart.o
                                        0x87c (size before relaxing)
 .stab          0x0000000000000f0c      0x528 ./main.o
                                        0x534 (size before relaxing)
 .stab          0x0000000000001434      0x750 /usr/lib/gcc/avr/4.5.3/../../../avr/lib/avr5/libc.a(malloc.o)
                                        0x75c (size before relaxing)

.stabstr        0x0000000000000000     0x1708
 *(.stabstr)
 .stabstr       0x0000000000000000     0x1708 /usr/lib/gcc/avr/4.5.3/../../../avr/lib/avr5/crtm328p.o

.stab.excl
 *(.stab.excl)

.stab.exclstr
 *(.stab.exclstr)

.stab.index
 *(.stab.index)

.stab.indexstr
 *(.stab.indexstr)

.comment
 *(.comment)

.debug
 *(.debug)

.line
 *(.line)

.debug_srcinfo
 *(.debug_srcinfo)

.debug_sfnames
 *(.debug_sfnames)

.debug_aranges
 *(.debug_aranges)

.debug_pubnames
 *(.debug_pubnames)

.debug_info
 *(.debug_info)
 *(.gnu.linkonce.wi.*)

.debug_abbrev
 *(.debug_abbrev)

.debug_line
 *(.debug_line)

.debug_frame
 *(.debug_frame)

.debug_str
 *(.debug_str)

.debug_loc
 *(.debug_loc)

.debug_macinfo
 *(.debug_macinfo)
OUTPUT(uartcpp6.elf elf32-avr)
LOAD linker stubs

Cross Reference Table

Symbol                                            File
Circular_Buffer<25>::Circular_Buffer()            ./Uart.o
Circular_Buffer<25>::has_data()                   ./Uart.o
Circular_Buffer<25>::pop()                        ./Uart.o
Circular_Buffer<25>::push(unsigned char)          ./Uart.o
Circular_Buffer<25>::~Circular_Buffer()           ./Uart.o
Circular_Buffer<25>::~Circular_Buffer()           ./Uart.o
Uart::Uart()                                      ./Uart.o
Uart::Uart()                                      ./Uart.o
                                                  ./main.o
Uart::empty_interrupt_handler()                   ./Uart.o
Uart::get()                                       ./Uart.o
                                                  ./main.o
Uart::has_data()                                  ./Uart.o
                                                  ./main.o
Uart::interruptoff()                              ./Uart.o
Uart::interrupton()                               ./Uart.o
                                                  ./main.o
Uart::put(unsigned char)                          ./Uart.o
                                                  ./main.o
Uart::rx_interrupt_handler()                      ./Uart.o
Uart::uart                                        ./Uart.o
Uart::~Uart()                                     ./Uart.o
__addsf3                                          /usr/lib/gcc/avr/4.5.3/avr5/libgcc.a(_addsub_sf.o)
__bad_interrupt                                   /usr/lib/gcc/avr/4.5.3/../../../avr/lib/avr5/crtm328p.o
__brkval                                          /usr/lib/gcc/avr/4.5.3/../../../avr/lib/avr5/libc.a(malloc.o)
__bss_end                                         /usr/lib/gcc/avr/4.5.3/avr5/libgcc.a(_clear_bss.o)
__bss_start                                       /usr/lib/gcc/avr/4.5.3/avr5/libgcc.a(_clear_bss.o)
__ctors_end                                       /usr/lib/gcc/avr/4.5.3/avr5/libgcc.a(_ctors.o)
__ctors_start                                     /usr/lib/gcc/avr/4.5.3/avr5/libgcc.a(_ctors.o)
__data_end                                        /usr/lib/gcc/avr/4.5.3/avr5/libgcc.a(_copy_data.o)
__data_load_start                                 /usr/lib/gcc/avr/4.5.3/avr5/libgcc.a(_copy_data.o)
__data_start                                      /usr/lib/gcc/avr/4.5.3/avr5/libgcc.a(_copy_data.o)
__do_clear_bss                                    /usr/lib/gcc/avr/4.5.3/avr5/libgcc.a(_clear_bss.o)
                                                  /usr/lib/gcc/avr/4.5.3/../../../avr/lib/avr5/libc.a(malloc.o)
                                                  ./Uart.o
__do_copy_data                                    /usr/lib/gcc/avr/4.5.3/avr5/libgcc.a(_copy_data.o)
                                                  /usr/lib/gcc/avr/4.5.3/../../../avr/lib/avr5/libc.a(malloc.o)
                                                  /usr/lib/gcc/avr/4.5.3/avr5/libgcc.a(_thenan_sf.o)
                                                  ./Uart.o
__do_global_ctors                                 /usr/lib/gcc/avr/4.5.3/avr5/libgcc.a(_ctors.o)
                                                  ./Uart.o
__do_global_dtors                                 /usr/lib/gcc/avr/4.5.3/avr5/libgcc.a(_dtors.o)
                                                  ./Uart.o
__dtors_end                                       /usr/lib/gcc/avr/4.5.3/avr5/libgcc.a(_dtors.o)
__dtors_start                                     /usr/lib/gcc/avr/4.5.3/avr5/libgcc.a(_dtors.o)
__epilogue_restores__                             /usr/lib/gcc/avr/4.5.3/avr5/libgcc.a(_epilogue.o)
                                                  /usr/lib/gcc/avr/4.5.3/avr5/libgcc.a(_pack_sf.o)
                                                  /usr/lib/gcc/avr/4.5.3/avr5/libgcc.a(_sf_to_si.o)
                                                  /usr/lib/gcc/avr/4.5.3/avr5/libgcc.a(_lt_sf.o)
                                                  /usr/lib/gcc/avr/4.5.3/avr5/libgcc.a(_ge_sf.o)
                                                  /usr/lib/gcc/avr/4.5.3/avr5/libgcc.a(_gt_sf.o)
                                                  /usr/lib/gcc/avr/4.5.3/avr5/libgcc.a(_mul_sf.o)
                                                  /usr/lib/gcc/avr/4.5.3/avr5/libgcc.a(_addsub_sf.o)
__fixsfsi                                         /usr/lib/gcc/avr/4.5.3/avr5/libgcc.a(_sf_to_si.o)
                                                  /usr/lib/gcc/avr/4.5.3/avr5/libgcc.a(_fixunssfsi.o)
__fixunssfsi                                      /usr/lib/gcc/avr/4.5.3/avr5/libgcc.a(_fixunssfsi.o)
                                                  ./main.o
__flp                                             /usr/lib/gcc/avr/4.5.3/../../../avr/lib/avr5/libc.a(malloc.o)
__fpcmp_parts_f                                   /usr/lib/gcc/avr/4.5.3/avr5/libgcc.a(_fpcmp_parts_sf.o)
                                                  /usr/lib/gcc/avr/4.5.3/avr5/libgcc.a(_lt_sf.o)
                                                  /usr/lib/gcc/avr/4.5.3/avr5/libgcc.a(_ge_sf.o)
                                                  /usr/lib/gcc/avr/4.5.3/avr5/libgcc.a(_gt_sf.o)
__gesf2                                           /usr/lib/gcc/avr/4.5.3/avr5/libgcc.a(_ge_sf.o)
                                                  /usr/lib/gcc/avr/4.5.3/avr5/libgcc.a(_fixunssfsi.o)
__gtsf2                                           /usr/lib/gcc/avr/4.5.3/avr5/libgcc.a(_gt_sf.o)
                                                  ./main.o
__heap_end                                        /usr/lib/gcc/avr/4.5.3/../../../avr/lib/avr5/crtm328p.o
                                                  /usr/lib/gcc/avr/4.5.3/../../../avr/lib/avr5/libc.a(malloc.o)
__heap_start                                      /usr/lib/gcc/avr/4.5.3/../../../avr/lib/avr5/libc.a(malloc.o)
__init                                            /usr/lib/gcc/avr/4.5.3/../../../avr/lib/avr5/crtm328p.o
__ltsf2                                           /usr/lib/gcc/avr/4.5.3/avr5/libgcc.a(_lt_sf.o)
                                                  ./main.o
__malloc_heap_end                                 /usr/lib/gcc/avr/4.5.3/../../../avr/lib/avr5/libc.a(malloc.o)
__malloc_heap_start                               /usr/lib/gcc/avr/4.5.3/../../../avr/lib/avr5/libc.a(malloc.o)
__malloc_margin                                   /usr/lib/gcc/avr/4.5.3/../../../avr/lib/avr5/libc.a(malloc.o)
__mulsf3                                          /usr/lib/gcc/avr/4.5.3/avr5/libgcc.a(_mul_sf.o)
                                                  ./main.o
__pack_f                                          /usr/lib/gcc/avr/4.5.3/avr5/libgcc.a(_pack_sf.o)
                                                  /usr/lib/gcc/avr/4.5.3/avr5/libgcc.a(_mul_sf.o)
                                                  /usr/lib/gcc/avr/4.5.3/avr5/libgcc.a(_addsub_sf.o)
__prologue_saves__                                /usr/lib/gcc/avr/4.5.3/avr5/libgcc.a(_prologue.o)
                                                  /usr/lib/gcc/avr/4.5.3/avr5/libgcc.a(_sf_to_si.o)
                                                  /usr/lib/gcc/avr/4.5.3/avr5/libgcc.a(_lt_sf.o)
                                                  /usr/lib/gcc/avr/4.5.3/avr5/libgcc.a(_ge_sf.o)
                                                  /usr/lib/gcc/avr/4.5.3/avr5/libgcc.a(_gt_sf.o)
                                                  /usr/lib/gcc/avr/4.5.3/avr5/libgcc.a(_mul_sf.o)
                                                  /usr/lib/gcc/avr/4.5.3/avr5/libgcc.a(_addsub_sf.o)
__stack                                           /usr/lib/gcc/avr/4.5.3/../../../avr/lib/avr5/crtm328p.o
__subsf3                                          /usr/lib/gcc/avr/4.5.3/avr5/libgcc.a(_addsub_sf.o)
                                                  /usr/lib/gcc/avr/4.5.3/avr5/libgcc.a(_fixunssfsi.o)
__tablejump2__                                    /usr/lib/gcc/avr/4.5.3/avr5/libgcc.a(_tablejump.o)
__tablejump__                                     /usr/lib/gcc/avr/4.5.3/avr5/libgcc.a(_tablejump.o)
                                                  /usr/lib/gcc/avr/4.5.3/avr5/libgcc.a(_dtors.o)
                                                  /usr/lib/gcc/avr/4.5.3/avr5/libgcc.a(_ctors.o)
__thenan_sf                                       /usr/lib/gcc/avr/4.5.3/avr5/libgcc.a(_thenan_sf.o)
                                                  /usr/lib/gcc/avr/4.5.3/avr5/libgcc.a(_mul_sf.o)
                                                  /usr/lib/gcc/avr/4.5.3/avr5/libgcc.a(_addsub_sf.o)
__unpack_f                                        /usr/lib/gcc/avr/4.5.3/avr5/libgcc.a(_unpack_sf.o)
                                                  /usr/lib/gcc/avr/4.5.3/avr5/libgcc.a(_sf_to_si.o)
                                                  /usr/lib/gcc/avr/4.5.3/avr5/libgcc.a(_lt_sf.o)
                                                  /usr/lib/gcc/avr/4.5.3/avr5/libgcc.a(_ge_sf.o)
                                                  /usr/lib/gcc/avr/4.5.3/avr5/libgcc.a(_gt_sf.o)
                                                  /usr/lib/gcc/avr/4.5.3/avr5/libgcc.a(_mul_sf.o)
                                                  /usr/lib/gcc/avr/4.5.3/avr5/libgcc.a(_addsub_sf.o)
__vector_1                                        /usr/lib/gcc/avr/4.5.3/../../../avr/lib/avr5/crtm328p.o
__vector_10                                       /usr/lib/gcc/avr/4.5.3/../../../avr/lib/avr5/crtm328p.o
__vector_11                                       /usr/lib/gcc/avr/4.5.3/../../../avr/lib/avr5/crtm328p.o
__vector_12                                       /usr/lib/gcc/avr/4.5.3/../../../avr/lib/avr5/crtm328p.o
__vector_13                                       /usr/lib/gcc/avr/4.5.3/../../../avr/lib/avr5/crtm328p.o
__vector_14                                       /usr/lib/gcc/avr/4.5.3/../../../avr/lib/avr5/crtm328p.o
__vector_15                                       /usr/lib/gcc/avr/4.5.3/../../../avr/lib/avr5/crtm328p.o
__vector_16                                       /usr/lib/gcc/avr/4.5.3/../../../avr/lib/avr5/crtm328p.o
__vector_17                                       /usr/lib/gcc/avr/4.5.3/../../../avr/lib/avr5/crtm328p.o
__vector_18                                       ./Uart.o
                                                  /usr/lib/gcc/avr/4.5.3/../../../avr/lib/avr5/crtm328p.o
__vector_19                                       ./Uart.o
                                                  /usr/lib/gcc/avr/4.5.3/../../../avr/lib/avr5/crtm328p.o
__vector_2                                        /usr/lib/gcc/avr/4.5.3/../../../avr/lib/avr5/crtm328p.o
__vector_20                                       /usr/lib/gcc/avr/4.5.3/../../../avr/lib/avr5/crtm328p.o
__vector_21                                       /usr/lib/gcc/avr/4.5.3/../../../avr/lib/avr5/crtm328p.o
__vector_22                                       /usr/lib/gcc/avr/4.5.3/../../../avr/lib/avr5/crtm328p.o
__vector_23                                       /usr/lib/gcc/avr/4.5.3/../../../avr/lib/avr5/crtm328p.o
__vector_24                                       /usr/lib/gcc/avr/4.5.3/../../../avr/lib/avr5/crtm328p.o
__vector_25                                       /usr/lib/gcc/avr/4.5.3/../../../avr/lib/avr5/crtm328p.o
__vector_3                                        /usr/lib/gcc/avr/4.5.3/../../../avr/lib/avr5/crtm328p.o
__vector_4                                        /usr/lib/gcc/avr/4.5.3/../../../avr/lib/avr5/crtm328p.o
__vector_5                                        /usr/lib/gcc/avr/4.5.3/../../../avr/lib/avr5/crtm328p.o
__vector_6                                        /usr/lib/gcc/avr/4.5.3/../../../avr/lib/avr5/crtm328p.o
__vector_7                                        /usr/lib/gcc/avr/4.5.3/../../../avr/lib/avr5/crtm328p.o
__vector_8                                        /usr/lib/gcc/avr/4.5.3/../../../avr/lib/avr5/crtm328p.o
__vector_9                                        /usr/lib/gcc/avr/4.5.3/../../../avr/lib/avr5/crtm328p.o
__vector_default                                  /usr/lib/gcc/avr/4.5.3/../../../avr/lib/avr5/crtm328p.o
__vectors                                         /usr/lib/gcc/avr/4.5.3/../../../avr/lib/avr5/crtm328p.o
_exit                                             /usr/lib/gcc/avr/4.5.3/avr5/libgcc.a(_exit.o)
exit                                              /usr/lib/gcc/avr/4.5.3/avr5/libgcc.a(_exit.o)
                                                  /usr/lib/gcc/avr/4.5.3/../../../avr/lib/avr5/crtm328p.o
free                                              /usr/lib/gcc/avr/4.5.3/../../../avr/lib/avr5/libc.a(malloc.o)
                                                  ./main.o
main                                              ./main.o
                                                  /usr/lib/gcc/avr/4.5.3/../../../avr/lib/avr5/crtm328p.o
malloc                                            /usr/lib/gcc/avr/4.5.3/../../../avr/lib/avr5/libc.a(malloc.o)
operator delete(void*)                            ./main.o
                                                  ./Uart.o
vtable for Circular_Buffer<25>                    ./Uart.o
