Archive member included because of file (symbol)

/usr/lib/gcc/avr/4.5.3/avr5/libgcc.a(_exit.o)
                              /usr/lib/gcc/avr/4.5.3/../../../avr/lib/avr5/crtm328p.o (exit)
/usr/lib/gcc/avr/4.5.3/avr5/libgcc.a(_copy_data.o)
                              ./Buffer.o (__do_copy_data)
/usr/lib/gcc/avr/4.5.3/avr5/libgcc.a(_clear_bss.o)
                              ./Uart.o (__do_clear_bss)
/usr/lib/gcc/avr/4.5.3/avr5/libgcc.a(_ctors.o)
                              ./Uart.o (__do_global_ctors)
/usr/lib/gcc/avr/4.5.3/avr5/libgcc.a(_tablejump.o)
                              /usr/lib/gcc/avr/4.5.3/avr5/libgcc.a(_ctors.o) (__tablejump__)

Discarded input sections

 .data          0x0000000000000000        0x0 /usr/lib/gcc/avr/4.5.3/../../../avr/lib/avr5/crtm328p.o
 .bss           0x0000000000000000        0x0 /usr/lib/gcc/avr/4.5.3/../../../avr/lib/avr5/crtm328p.o
 .text          0x0000000000000000        0x0 ./Buffer.o
 .data          0x0000000000000000        0x0 ./Buffer.o
 .bss           0x0000000000000000        0x0 ./Buffer.o
 .text._ZN6BufferC2Ev
                0x0000000000000000       0x26 ./Buffer.o
 .text._ZN6BufferD2Ev
                0x0000000000000000       0x3a ./Buffer.o
 .text._ZN6BufferD0Ev
                0x0000000000000000       0x28 ./Buffer.o
 .rodata._ZTV6Buffer
                0x0000000000000000        0x8 ./Buffer.o
 .text          0x0000000000000000        0x0 ./Uart.o
 .data          0x0000000000000000        0x0 ./Uart.o
 .bss           0x0000000000000000        0x0 ./Uart.o
 .text._ZN4Uart12interruptoffEv
                0x0000000000000000       0x10 ./Uart.o
 .text          0x0000000000000000        0x0 ./main.o
 .data          0x0000000000000000        0x0 ./main.o
 .bss           0x0000000000000000        0x0 ./main.o
 .text._Z5delayv
                0x0000000000000000       0x50 ./main.o
 .text          0x0000000000000000        0x0 ./modulo.o
 .data          0x0000000000000000        0x0 ./modulo.o
 .bss           0x0000000000000000        0x0 ./modulo.o
 .text.modulo_inc
                0x0000000000000000       0x48 ./modulo.o
 .text.modulo_dec
                0x0000000000000000       0x46 ./modulo.o
 .text          0x0000000000000000        0x0 /usr/lib/gcc/avr/4.5.3/avr5/libgcc.a(_exit.o)
 .data          0x0000000000000000        0x0 /usr/lib/gcc/avr/4.5.3/avr5/libgcc.a(_exit.o)
 .bss           0x0000000000000000        0x0 /usr/lib/gcc/avr/4.5.3/avr5/libgcc.a(_exit.o)
 .text.libgcc   0x0000000000000000        0x0 /usr/lib/gcc/avr/4.5.3/avr5/libgcc.a(_exit.o)
 .text          0x0000000000000000        0x0 /usr/lib/gcc/avr/4.5.3/avr5/libgcc.a(_copy_data.o)
 .data          0x0000000000000000        0x0 /usr/lib/gcc/avr/4.5.3/avr5/libgcc.a(_copy_data.o)
 .bss           0x0000000000000000        0x0 /usr/lib/gcc/avr/4.5.3/avr5/libgcc.a(_copy_data.o)
 .text.libgcc   0x0000000000000000        0x0 /usr/lib/gcc/avr/4.5.3/avr5/libgcc.a(_copy_data.o)
 .text          0x0000000000000000        0x0 /usr/lib/gcc/avr/4.5.3/avr5/libgcc.a(_clear_bss.o)
 .data          0x0000000000000000        0x0 /usr/lib/gcc/avr/4.5.3/avr5/libgcc.a(_clear_bss.o)
 .bss           0x0000000000000000        0x0 /usr/lib/gcc/avr/4.5.3/avr5/libgcc.a(_clear_bss.o)
 .text.libgcc   0x0000000000000000        0x0 /usr/lib/gcc/avr/4.5.3/avr5/libgcc.a(_clear_bss.o)
 .text          0x0000000000000000        0x0 /usr/lib/gcc/avr/4.5.3/avr5/libgcc.a(_ctors.o)
 .data          0x0000000000000000        0x0 /usr/lib/gcc/avr/4.5.3/avr5/libgcc.a(_ctors.o)
 .bss           0x0000000000000000        0x0 /usr/lib/gcc/avr/4.5.3/avr5/libgcc.a(_ctors.o)
 .text.libgcc   0x0000000000000000        0x0 /usr/lib/gcc/avr/4.5.3/avr5/libgcc.a(_ctors.o)
 .text          0x0000000000000000        0x0 /usr/lib/gcc/avr/4.5.3/avr5/libgcc.a(_tablejump.o)
 .data          0x0000000000000000        0x0 /usr/lib/gcc/avr/4.5.3/avr5/libgcc.a(_tablejump.o)
 .bss           0x0000000000000000        0x0 /usr/lib/gcc/avr/4.5.3/avr5/libgcc.a(_tablejump.o)

Memory Configuration

Name             Origin             Length             Attributes
text             0x0000000000000000 0x0000000000020000 xr
data             0x0000000000800060 0x000000000000ffa0 rw !x
eeprom           0x0000000000810000 0x0000000000010000 rw !x
fuse             0x0000000000820000 0x0000000000000400 rw !x
lock             0x0000000000830000 0x0000000000000400 rw !x
signature        0x0000000000840000 0x0000000000000400 rw !x
*default*        0x0000000000000000 0xffffffffffffffff

Linker script and memory map

Address of section .data set to 0x800100
LOAD /usr/lib/gcc/avr/4.5.3/../../../avr/lib/avr5/crtm328p.o
LOAD ./Buffer.o
LOAD ./Uart.o
LOAD ./main.o
LOAD ./modulo.o
LOAD /usr/lib/gcc/avr/4.5.3/avr5/libgcc.a
LOAD /usr/lib/gcc/avr/4.5.3/../../../avr/lib/avr5/libm.a
LOAD /usr/lib/gcc/avr/4.5.3/avr5/libgcc.a
LOAD /usr/lib/gcc/avr/4.5.3/../../../avr/lib/avr5/libc.a
LOAD /usr/lib/gcc/avr/4.5.3/avr5/libgcc.a

.hash
 *(.hash)

.dynsym
 *(.dynsym)

.dynstr
 *(.dynstr)

.gnu.version
 *(.gnu.version)

.gnu.version_d
 *(.gnu.version_d)

.gnu.version_r
 *(.gnu.version_r)

.rel.init
 *(.rel.init)

.rela.init
 *(.rela.init)

.rel.text
 *(.rel.text)
 *(.rel.text.*)
 *(.rel.gnu.linkonce.t*)

.rela.text
 *(.rela.text)
 *(.rela.text.*)
 *(.rela.gnu.linkonce.t*)

.rel.fini
 *(.rel.fini)

.rela.fini
 *(.rela.fini)

.rel.rodata
 *(.rel.rodata)
 *(.rel.rodata.*)
 *(.rel.gnu.linkonce.r*)

.rela.rodata
 *(.rela.rodata)
 *(.rela.rodata.*)
 *(.rela.gnu.linkonce.r*)

.rel.data
 *(.rel.data)
 *(.rel.data.*)
 *(.rel.gnu.linkonce.d*)

.rela.data
 *(.rela.data)
 *(.rela.data.*)
 *(.rela.gnu.linkonce.d*)

.rel.ctors
 *(.rel.ctors)

.rela.ctors
 *(.rela.ctors)

.rel.dtors
 *(.rel.dtors)

.rela.dtors
 *(.rela.dtors)

.rel.got
 *(.rel.got)

.rela.got
 *(.rela.got)

.rel.bss
 *(.rel.bss)

.rela.bss
 *(.rela.bss)

.rel.plt
 *(.rel.plt)

.rela.plt
 *(.rela.plt)

.text           0x0000000000000000      0x526
 *(.vectors)
 .vectors       0x0000000000000000       0x68 /usr/lib/gcc/avr/4.5.3/../../../avr/lib/avr5/crtm328p.o
                0x0000000000000000                __vectors
                0x0000000000000000                __vector_default
 *(.vectors)
 *(.progmem.gcc*)
 *(.progmem*)
                0x0000000000000068                . = ALIGN (0x2)
                0x0000000000000068                __trampolines_start = .
 *(.trampolines)
 .trampolines   0x0000000000000068        0x0 linker stubs
 *(.trampolines*)
                0x0000000000000068                __trampolines_end = .
 *(.jumptables)
 *(.jumptables*)
 *(.lowtext)
 *(.lowtext*)
                0x0000000000000068                __ctors_start = .
 *(.ctors)
 .ctors         0x0000000000000068        0x2 ./Uart.o
                0x000000000000006a                __ctors_end = .
                0x000000000000006a                __dtors_start = .
 *(.dtors)
                0x000000000000006a                __dtors_end = .
 SORT(*)(.ctors)
 SORT(*)(.dtors)
 *(.init0)
 .init0         0x000000000000006a        0x0 /usr/lib/gcc/avr/4.5.3/../../../avr/lib/avr5/crtm328p.o
                0x000000000000006a                __init
 *(.init0)
 *(.init1)
 *(.init1)
 *(.init2)
 .init2         0x000000000000006a        0xc /usr/lib/gcc/avr/4.5.3/../../../avr/lib/avr5/crtm328p.o
 *(.init2)
 *(.init3)
 *(.init3)
 *(.init4)
 .init4         0x0000000000000076       0x16 /usr/lib/gcc/avr/4.5.3/avr5/libgcc.a(_copy_data.o)
                0x0000000000000076                __do_copy_data
 .init4         0x000000000000008c       0x10 /usr/lib/gcc/avr/4.5.3/avr5/libgcc.a(_clear_bss.o)
                0x000000000000008c                __do_clear_bss
 *(.init4)
 *(.init5)
 *(.init5)
 *(.init6)
 .init6         0x000000000000009c       0x14 /usr/lib/gcc/avr/4.5.3/avr5/libgcc.a(_ctors.o)
                0x000000000000009c                __do_global_ctors
 *(.init6)
 *(.init7)
 *(.init7)
 *(.init8)
 *(.init8)
 *(.init9)
 .init9         0x00000000000000b0        0x4 /usr/lib/gcc/avr/4.5.3/../../../avr/lib/avr5/crtm328p.o
 *(.init9)
 *(.text)
 .text          0x00000000000000b4        0x2 /usr/lib/gcc/avr/4.5.3/../../../avr/lib/avr5/crtm328p.o
                0x00000000000000b4                __vector_22
                0x00000000000000b4                __vector_1
                0x00000000000000b4                __vector_24
                0x00000000000000b4                __vector_12
                0x00000000000000b4                __bad_interrupt
                0x00000000000000b4                __vector_6
                0x00000000000000b4                __vector_3
                0x00000000000000b4                __vector_23
                0x00000000000000b4                __vector_25
                0x00000000000000b4                __vector_11
                0x00000000000000b4                __vector_13
                0x00000000000000b4                __vector_17
                0x00000000000000b4                __vector_7
                0x00000000000000b4                __vector_5
                0x00000000000000b4                __vector_4
                0x00000000000000b4                __vector_9
                0x00000000000000b4                __vector_2
                0x00000000000000b4                __vector_21
                0x00000000000000b4                __vector_15
                0x00000000000000b4                __vector_8
                0x00000000000000b4                __vector_14
                0x00000000000000b4                __vector_10
                0x00000000000000b4                __vector_16
                0x00000000000000b4                __vector_20
                0x00000000000000b6                . = ALIGN (0x2)
 *(.text.*)
 .text._ZNK6Buffer9getBufferEv
                0x00000000000000b6       0x20 ./Buffer.o
                0x00000000000000b6                _ZNK6Buffer9getBufferEv
 .text._ZNK6Buffer7getHeadEv
                0x00000000000000d6       0x22 ./Buffer.o
                0x00000000000000d6                _ZNK6Buffer7getHeadEv
 .text._ZN6Buffer7setHeadEi
                0x00000000000000f8       0x30 ./Buffer.o
                0x00000000000000f8                _ZN6Buffer7setHeadEi
 .text._ZNK6Buffer9getMaxLenEv
                0x0000000000000128       0x20 ./Buffer.o
                0x0000000000000128                _ZNK6Buffer9getMaxLenEv
 .text._ZNK6Buffer7getTailEv
                0x0000000000000148       0x22 ./Buffer.o
                0x0000000000000148                _ZNK6Buffer7getTailEv
 .text._ZN6Buffer7setTailEi
                0x000000000000016a       0x30 ./Buffer.o
                0x000000000000016a                _ZN6Buffer7setTailEi
 .text._ZN6Buffer10circBufPopEPS_
                0x000000000000019a       0xac ./Buffer.o
                0x000000000000019a                _ZN6Buffer10circBufPopEPS_
 .text._ZN6Buffer11circBufPushEPS_h
                0x0000000000000246       0xa8 ./Buffer.o
                0x0000000000000246                _ZN6Buffer11circBufPushEPS_h
 .text._ZN4UartC2Ev
                0x00000000000002ee       0x66 ./Uart.o
                0x00000000000002ee                _ZN4UartC2Ev
                0x00000000000002ee                _ZN4UartC1Ev
 .text._ZN4Uart20rx_interrupt_handlerEv
                0x0000000000000354       0x2a ./Uart.o
                0x0000000000000354                _ZN4Uart20rx_interrupt_handlerEv
 .text._ZN4Uart23empty_interrupt_handlerEv
                0x000000000000037e       0x3c ./Uart.o
                0x000000000000037e                _ZN4Uart23empty_interrupt_handlerEv
 .text.__vector_18
                0x00000000000003ba       0x52 ./Uart.o
                0x00000000000003ba                __vector_18
 .text.__vector_19
                0x000000000000040c       0x52 ./Uart.o
                0x000000000000040c                __vector_19
 .text._ZN4Uart11interruptonEv
                0x000000000000045e       0x10 ./Uart.o
                0x000000000000045e                _ZN4Uart11interruptonEv
 .text._Z41__static_initialization_and_destruction_0ii
                0x000000000000046e       0x3e ./Uart.o
 .text._GLOBAL__I__ZN4Uart1uE
                0x00000000000004ac       0x18 ./Uart.o
 .text.main     0x00000000000004c4       0x52 ./main.o
                0x00000000000004c4                main
 .text.libgcc   0x0000000000000516        0xc /usr/lib/gcc/avr/4.5.3/avr5/libgcc.a(_tablejump.o)
                0x0000000000000516                __tablejump2__
                0x000000000000051a                __tablejump__
                0x0000000000000522                . = ALIGN (0x2)
 *(.fini9)
 .fini9         0x0000000000000522        0x0 /usr/lib/gcc/avr/4.5.3/avr5/libgcc.a(_exit.o)
                0x0000000000000522                exit
                0x0000000000000522                _exit
 *(.fini9)
 *(.fini8)
 *(.fini8)
 *(.fini7)
 *(.fini7)
 *(.fini6)
 *(.fini6)
 *(.fini5)
 *(.fini5)
 *(.fini4)
 *(.fini4)
 *(.fini3)
 *(.fini3)
 *(.fini2)
 *(.fini2)
 *(.fini1)
 *(.fini1)
 *(.fini0)
 .fini0         0x0000000000000522        0x4 /usr/lib/gcc/avr/4.5.3/avr5/libgcc.a(_exit.o)
 *(.fini0)
                0x0000000000000526                _etext = .

.data           0x0000000000800100        0x0 load address 0x0000000000000526
                0x0000000000800100                PROVIDE (__data_start, .)
 *(.data)
 *(.data*)
 *(.rodata)
 *(.rodata*)
 *(.gnu.linkonce.d*)
                0x0000000000800100                . = ALIGN (0x2)
                0x0000000000800100                _edata = .
                0x0000000000800100                PROVIDE (__data_end, .)

.bss            0x0000000000800100        0x1
                0x0000000000800100                PROVIDE (__bss_start, .)
 *(.bss)
 *(.bss*)
 .bss._ZN4Uart1uE
                0x0000000000800100        0x1 ./Uart.o
                0x0000000000800100                _ZN4Uart1uE
 *(COMMON)
                0x0000000000800101                PROVIDE (__bss_end, .)
                0x0000000000000526                __data_load_start = LOADADDR (.data)
                0x0000000000000526                __data_load_end = (__data_load_start + SIZEOF (.data))

.noinit         0x0000000000800101        0x0
                0x0000000000800101                PROVIDE (__noinit_start, .)
 *(.noinit*)
                0x0000000000800101                PROVIDE (__noinit_end, .)
                0x0000000000800101                _end = .
                0x0000000000800101                PROVIDE (__heap_start, .)

.eeprom         0x0000000000810000        0x0
 *(.eeprom*)
                0x0000000000810000                __eeprom_end = .

.fuse
 *(.fuse)
 *(.lfuse)
 *(.hfuse)
 *(.efuse)

.lock
 *(.lock*)

.signature
 *(.signature*)

.stab           0x0000000000000000     0x1710
 *(.stab)
 .stab          0x0000000000000000      0x6cc /usr/lib/gcc/avr/4.5.3/../../../avr/lib/avr5/crtm328p.o
 .stab          0x00000000000006cc      0x660 ./Buffer.o
                                        0x738 (size before relaxing)
 .stab          0x0000000000000d2c      0x588 ./Uart.o
                                        0x5c4 (size before relaxing)
 .stab          0x00000000000012b4      0x390 ./main.o
                                        0x3fc (size before relaxing)
 .stab          0x0000000000001644       0xcc ./modulo.o
                                        0x210 (size before relaxing)

.stabstr        0x0000000000000000      0xe92
 *(.stabstr)
 .stabstr       0x0000000000000000      0xe92 /usr/lib/gcc/avr/4.5.3/../../../avr/lib/avr5/crtm328p.o

.stab.excl
 *(.stab.excl)

.stab.exclstr
 *(.stab.exclstr)

.stab.index
 *(.stab.index)

.stab.indexstr
 *(.stab.indexstr)

.comment
 *(.comment)

.debug
 *(.debug)

.line
 *(.line)

.debug_srcinfo
 *(.debug_srcinfo)

.debug_sfnames
 *(.debug_sfnames)

.debug_aranges
 *(.debug_aranges)

.debug_pubnames
 *(.debug_pubnames)

.debug_info
 *(.debug_info)
 *(.gnu.linkonce.wi.*)

.debug_abbrev
 *(.debug_abbrev)

.debug_line
 *(.debug_line)

.debug_frame
 *(.debug_frame)

.debug_str
 *(.debug_str)

.debug_loc
 *(.debug_loc)

.debug_macinfo
 *(.debug_macinfo)
OUTPUT(uartcpp1.elf elf32-avr)
LOAD linker stubs

Cross Reference Table

Symbol                                            File
Buffer::Buffer()                                  ./Buffer.o
Buffer::Buffer()                                  ./Buffer.o
Buffer::buffer                                    ./Buffer.o
Buffer::circBufPop(Buffer*)                       ./Buffer.o
                                                  ./main.o
                                                  ./Uart.o
Buffer::circBufPush(Buffer*, unsigned char)       ./Buffer.o
                                                  ./main.o
                                                  ./Uart.o
Buffer::getBuffer() const                         ./Buffer.o
Buffer::getHead() const                           ./Buffer.o
Buffer::getMaxLen() const                         ./Buffer.o
Buffer::getTail() const                           ./Buffer.o
Buffer::maxLen                                    ./Buffer.o
Buffer::setHead(int)                              ./Buffer.o
Buffer::setTail(int)                              ./Buffer.o
Buffer::~Buffer()                                 ./Buffer.o
Buffer::~Buffer()                                 ./Buffer.o
Buffer::~Buffer()                                 ./Buffer.o
Uart::Uart()                                      ./Uart.o
Uart::Uart()                                      ./Uart.o
                                                  ./main.o
Uart::empty_interrupt_handler()                   ./Uart.o
Uart::interruptoff()                              ./Uart.o
Uart::interrupton()                               ./Uart.o
                                                  ./main.o
Uart::rx                                          ./main.o
                                                  ./Uart.o
Uart::rx_interrupt_handler()                      ./Uart.o
Uart::tx                                          ./main.o
                                                  ./Uart.o
Uart::u                                           ./Uart.o
__bad_interrupt                                   /usr/lib/gcc/avr/4.5.3/../../../avr/lib/avr5/crtm328p.o
__bss_end                                         /usr/lib/gcc/avr/4.5.3/avr5/libgcc.a(_clear_bss.o)
__bss_start                                       /usr/lib/gcc/avr/4.5.3/avr5/libgcc.a(_clear_bss.o)
__ctors_end                                       /usr/lib/gcc/avr/4.5.3/avr5/libgcc.a(_ctors.o)
__ctors_start                                     /usr/lib/gcc/avr/4.5.3/avr5/libgcc.a(_ctors.o)
__data_end                                        /usr/lib/gcc/avr/4.5.3/avr5/libgcc.a(_copy_data.o)
__data_load_start                                 /usr/lib/gcc/avr/4.5.3/avr5/libgcc.a(_copy_data.o)
__data_start                                      /usr/lib/gcc/avr/4.5.3/avr5/libgcc.a(_copy_data.o)
__do_clear_bss                                    /usr/lib/gcc/avr/4.5.3/avr5/libgcc.a(_clear_bss.o)
                                                  ./Uart.o
__do_copy_data                                    /usr/lib/gcc/avr/4.5.3/avr5/libgcc.a(_copy_data.o)
                                                  ./Buffer.o
__do_global_ctors                                 /usr/lib/gcc/avr/4.5.3/avr5/libgcc.a(_ctors.o)
                                                  ./Uart.o
__heap_end                                        /usr/lib/gcc/avr/4.5.3/../../../avr/lib/avr5/crtm328p.o
__init                                            /usr/lib/gcc/avr/4.5.3/../../../avr/lib/avr5/crtm328p.o
__stack                                           /usr/lib/gcc/avr/4.5.3/../../../avr/lib/avr5/crtm328p.o
__tablejump2__                                    /usr/lib/gcc/avr/4.5.3/avr5/libgcc.a(_tablejump.o)
__tablejump__                                     /usr/lib/gcc/avr/4.5.3/avr5/libgcc.a(_tablejump.o)
                                                  /usr/lib/gcc/avr/4.5.3/avr5/libgcc.a(_ctors.o)
__vector_1                                        /usr/lib/gcc/avr/4.5.3/../../../avr/lib/avr5/crtm328p.o
__vector_10                                       /usr/lib/gcc/avr/4.5.3/../../../avr/lib/avr5/crtm328p.o
__vector_11                                       /usr/lib/gcc/avr/4.5.3/../../../avr/lib/avr5/crtm328p.o
__vector_12                                       /usr/lib/gcc/avr/4.5.3/../../../avr/lib/avr5/crtm328p.o
__vector_13                                       /usr/lib/gcc/avr/4.5.3/../../../avr/lib/avr5/crtm328p.o
__vector_14                                       /usr/lib/gcc/avr/4.5.3/../../../avr/lib/avr5/crtm328p.o
__vector_15                                       /usr/lib/gcc/avr/4.5.3/../../../avr/lib/avr5/crtm328p.o
__vector_16                                       /usr/lib/gcc/avr/4.5.3/../../../avr/lib/avr5/crtm328p.o
__vector_17                                       /usr/lib/gcc/avr/4.5.3/../../../avr/lib/avr5/crtm328p.o
__vector_18                                       ./Uart.o
                                                  /usr/lib/gcc/avr/4.5.3/../../../avr/lib/avr5/crtm328p.o
__vector_19                                       ./Uart.o
                                                  /usr/lib/gcc/avr/4.5.3/../../../avr/lib/avr5/crtm328p.o
__vector_2                                        /usr/lib/gcc/avr/4.5.3/../../../avr/lib/avr5/crtm328p.o
__vector_20                                       /usr/lib/gcc/avr/4.5.3/../../../avr/lib/avr5/crtm328p.o
__vector_21                                       /usr/lib/gcc/avr/4.5.3/../../../avr/lib/avr5/crtm328p.o
__vector_22                                       /usr/lib/gcc/avr/4.5.3/../../../avr/lib/avr5/crtm328p.o
__vector_23                                       /usr/lib/gcc/avr/4.5.3/../../../avr/lib/avr5/crtm328p.o
__vector_24                                       /usr/lib/gcc/avr/4.5.3/../../../avr/lib/avr5/crtm328p.o
__vector_25                                       /usr/lib/gcc/avr/4.5.3/../../../avr/lib/avr5/crtm328p.o
__vector_3                                        /usr/lib/gcc/avr/4.5.3/../../../avr/lib/avr5/crtm328p.o
__vector_4                                        /usr/lib/gcc/avr/4.5.3/../../../avr/lib/avr5/crtm328p.o
__vector_5                                        /usr/lib/gcc/avr/4.5.3/../../../avr/lib/avr5/crtm328p.o
__vector_6                                        /usr/lib/gcc/avr/4.5.3/../../../avr/lib/avr5/crtm328p.o
__vector_7                                        /usr/lib/gcc/avr/4.5.3/../../../avr/lib/avr5/crtm328p.o
__vector_8                                        /usr/lib/gcc/avr/4.5.3/../../../avr/lib/avr5/crtm328p.o
__vector_9                                        /usr/lib/gcc/avr/4.5.3/../../../avr/lib/avr5/crtm328p.o
__vector_default                                  /usr/lib/gcc/avr/4.5.3/../../../avr/lib/avr5/crtm328p.o
__vectors                                         /usr/lib/gcc/avr/4.5.3/../../../avr/lib/avr5/crtm328p.o
_exit                                             /usr/lib/gcc/avr/4.5.3/avr5/libgcc.a(_exit.o)
delay()                                           ./main.o
exit                                              /usr/lib/gcc/avr/4.5.3/avr5/libgcc.a(_exit.o)
                                                  /usr/lib/gcc/avr/4.5.3/../../../avr/lib/avr5/crtm328p.o
main                                              ./main.o
                                                  /usr/lib/gcc/avr/4.5.3/../../../avr/lib/avr5/crtm328p.o
modulo_dec                                        ./modulo.o
modulo_inc                                        ./modulo.o
operator delete(void*)                            ./Buffer.o
vtable for Buffer                                 ./Buffer.o
